sjq@sjqs-MacBook-Air 393$ g++ 393.cpp ; ./a.out 
393.cpp:31: error: invalid use of template-name 'std::vector' without an argument list
393.cpp: In function 'bool test(int, int)':
393.cpp:36: error: 'lev' was not declared in this scope
393.cpp: In function 'bool dfs(int, int, int)':
393.cpp:50: error: 'lev' was not declared in this scope
393.cpp: In function 'int main()':
393.cpp:80: error: 'lev' was not declared in this scope
393.cpp:87: error: 'lev' was not declared in this scope
393.cpp:89: error: invalid type in declaration before '=' token
393.cpp:90: error: invalid type argument of 'unary *'
4
de
c
b
a
sjq@sjqs-MacBook-Air 393$ g++ 393.cpp ; ./a.out 
4
0 
1 
2 
3 4 
sjq@sjqs-MacBook-Air 393$ g++ 393.cpp ; ./a.out 
4
a 
b 
c 
d e 
sjq@sjqs-MacBook-Air 393$ g++ 393.cpp ; ./a.out 
4
a
b
c
de
sjq@sjqs-MacBook-Air 393$ g++ 393.cpp ; ./a.out 
393.cpp: In function 'int main()':
393.cpp:67: error: 'q' was not declared in this scope
393.cpp:72: error: 'q' was not declared in this scope
4
a
b
c
de
sjq@sjqs-MacBook-Air 393$ g++ 393.cpp ; ./a.out 
4
a
b
c
de
sjq@sjqs-MacBook-Air 393$ g++ 393.cpp ; ./a.out 
1
abc
sjq@sjqs-MacBook-Air 393$ g++ 393.cpp ; ./a.out 
1
abc
sjq@sjqs-MacBook-Air 393$ g++ 393.cpp ; ./a.out 
1
abcd
sjq@sjqs-MacBook-Air 393$ g++ 393.cpp ; ./a.out 
4
a
b
c
de
sjq@sjqs-MacBook-Air 393$ g++ 393.cpp ; ./a.out 
4
a
b
c
de
sjq@sjqs-MacBook-Air 393$ g++ 393.cpp ; ./a.out 
1
abc
sjq@sjqs-MacBook-Air 393$ g++ 393.cpp ; ./a.out 
393.cpp: In function 'bool test(int, int, int)':
393.cpp:82: error: no match for 'operator=' in 'lev[l] = (pre | i)'
/usr/include/c++/4.2.1/bits/vector.tcc:132: note: candidates are: std::vector<_Tp, _Alloc>& std::vector<_Tp, _Alloc>::operator=(const std::vector<_Tp, _Alloc>&) [with _Tp = int, _Alloc = std::allocator<int>]
393.cpp: In function 'int main()':
393.cpp:114: error: cannot convert 'std::vector<int, std::allocator<int> >' to 'int' in initialization
1
abc
sjq@sjqs-MacBook-Air 393$ g++ 393.cpp ; ./a.out 
0
sjq@sjqs-MacBook-Air 393$ g++ 393.cpp ; ./a.out 
1000000000
0
sjq@sjqs-MacBook-Air 393$ g++ 393.cpp ; ./a.out 
7
6
4
4
2
1
1
5
5
3
1000000000
0
sjq@sjqs-MacBook-Air 393$ g++ 393.cpp ; ./a.out 
7!
6!
4!
4!
2!
1!
1!
5!
5!
3!
1000000000
0
sjq@sjqs-MacBook-Air 393$ g++ 393.cpp ; ./a.out 
393.cpp: In function 'bool check(int)':
393.cpp:45: error: 'end' was not declared in this scope
7!
6!
4!
4!
2!
1!
1!
5!
5!
3!
1000000000
0
sjq@sjqs-MacBook-Air 393$ g++ 393.cpp ; ./a.out 
7!
6!
4!
4!
2!
0
1!
1!
5!
5!
3!
1000000000
0
sjq@sjqs-MacBook-Air 393$ g++ 393.cpp ; ./a.out 
7!
6!
4!
4!
2!
0 0
1!
1!
5!
5!
3!
1000000000
0
sjq@sjqs-MacBook-Air 393$ g++ 393.cpp ; ./a.out 
!0 1
!0 0
!1 2
7!
6!
4!
4!
2!
0 0
1!
1!
5!
5!
3!
1000000000
0
sjq@sjqs-MacBook-Air 393$ g++ 393.cpp ; ./a.out 
7!
6!
4!
2!
0 0
1!
5!
3!
1000000000
0
sjq@sjqs-MacBook-Air 393$ g++ 393.cpp ; ./a.out 
!3
!1
!6
7!
6!
4!
4!
2!
0 0
2!
1!
5!
3!
1000000000
0
sjq@sjqs-MacBook-Air 393$ g++ 393.cpp ; ./a.out 
!3
!1
!6
!!!0
7!
6!
4!
4!
2!
0 0
2!
1!
5!
3!
1000000000
0
sjq@sjqs-MacBook-Air 393$ g++ 393.cpp ; ./a.out 
!3
!1
!6
!!!3
7!
6!
6!
1!
1!
5!
5!
2!
2!
4!
4!
3!
2
0
sjq@sjqs-MacBook-Air 393$ g++ 393.cpp ; ./a.out 
2
0
sjq@sjqs-MacBook-Air 393$ g++ 393.cpp ; ./a.out 
2
0
sjq@sjqs-MacBook-Air 393$ g++ 393.cpp ; ./a.out 
2
0
0 0
sjq@sjqs-MacBook-Air 393$ g++ 393.cpp ; ./a.out 
2
0
sjq@sjqs-MacBook-Air 393$ g++ 393.cpp ; ./a.out 
2
0
sjq@sjqs-MacBook-Air 393$ g++ 393.cpp ; ./a.out 
2
0
sjq@sjqs-MacBook-Air 393$ g++ 393.cpp ; ./a.out 
2
!2
!3
0
sjq@sjqs-MacBook-Air 393$ g++ 393.cpp ; ./a.out 
2
0
sjq@sjqs-MacBook-Air 393$ g++ 393.cpp ; ./a.out 
2
!2
!3
0
sjq@sjqs-MacBook-Air 393$ g++ 393.cpp ; ./a.out 
2
0
sjq@sjqs-MacBook-Air 393$ g++ 393.cpp ; ./a.out 
0
sjq@sjqs-MacBook-Air 393$ g++ 393.cpp ; ./a.out 
2 7 0
2 2 1
3 7 0
3 2 1
0
sjq@sjqs-MacBook-Air 393$ g++ 393.cpp ; ./a.out 
2 7 0 2
2 2 1 1
3 7 0 2
3 2 1 1
0
sjq@sjqs-MacBook-Air 393$ g++ 393.cpp ; ./a.out 
2 7 0 2
2 2 1 1
3 7 0 2
3 2 1 1
0
sjq@sjqs-MacBook-Air 393$ g++ 393.cpp ; ./a.out 
!2 5
2
ac

sjq@sjqs-MacBook-Air 393$ g++ 393.cpp ; ./a.out 
!2 7
2
abc

sjq@sjqs-MacBook-Air 393$ g++ 393.cpp ; ./a.out 
!2 5
2
ac
b
sjq@sjqs-MacBook-Air 393$ g++ 393.cpp ; ./a.out 
2
ac
b
sjq@sjqs-MacBook-Air 393$ g++ 393.cpp ; ./a.out 
2
acd
b
sjq@sjqs-MacBook-Air 393$ g++ 393.cpp ; ./a.out 
0
sjq@sjqs-MacBook-Air 393$ g++ 393.cpp ; ./a.out 
0
sjq@sjqs-MacBook-Air 393$ g++ 393.cpp ; ./a.out 
4
0
sjq@sjqs-MacBook-Air 393$ g++ 393.cpp ; ./a.out 
393.cpp: In function 'bool test(int, int, int)':
393.cpp:81: error: 'end' was not declared in this scope
4
0
sjq@sjqs-MacBook-Air 393$ g++ 393.cpp ; ./a.out 
4 31 0 4
4 14 1 3
5 31 0 4
5 14 1 3
0
sjq@sjqs-MacBook-Air 393$ g++ 393.cpp ; ./a.out 
4
ae
b
c
d
sjq@sjqs-MacBook-Air 393$ g++ 393.cpp ; ./a.out 
2
ac
b
sjq@sjqs-MacBook-Air 393$ g++ 393.cpp ; ./a.out 
2
acdefghijklm
b
sjq@sjqs-MacBook-Air 393$ g++ 393.cpp ; ./a.out 
Bus error: 10
sjq@sjqs-MacBook-Air 393$ g++ -g 393.cpp 
sjq@sjqs-MacBook-Air 393$ gdb ./a.out
GNU gdb 6.3.50-20050815 (Apple version gdb-1822) (Sun Aug  5 03:00:42 UTC 2012)
Copyright 2004 Free Software Foundation, Inc.
GDB is free software, covered by the GNU General Public License, and you are
welcome to change it and/or distribute copies of it under certain conditions.
Type "show copying" to see the conditions.
There is absolutely no warranty for GDB.  Type "show warranty" for details.
This GDB was configured as "x86_64-apple-darwin"...Reading symbols for shared libraries ... done

(gdb) r
Starting program: /Users/sjq/Documents/sgu/393/a.out 
Reading symbols for shared libraries ++.............................. done
5
acdkm
bdj
cdhi
efg
l

Program exited normally.
(gdb) bt
No stack.
(gdb) q
sjq@sjqs-MacBook-Air 393$ ./a.out
5
acdkm
bdj
cdhi
efg
l
sjq@sjqs-MacBook-Air 393$ ./a.out
5
acdkm
bdj
cdhi
efg
l
sjq@sjqs-MacBook-Air 393$ ./a.out
5
acdkm
bdj
cdhi
efg
l
sjq@sjqs-MacBook-Air 393$ g++ gen.cpp ;./a.out
13 50
e l
k f
l d
d h
j f
k k
d l
a i
g e
f l
e f
e m
m m
l l
f g
e i
l h
f d
d c
h b
d l
d d
e e
e c
d j
k a
h e
d b
e d
l k
i a
g g
c d
c h
c f
j i
h g
f b
l f
i f
a l
m d
b c
h f
k d
l k
j e
a d
m b
i m
sjq@sjqs-MacBook-Air 393$ g++ gen.cpp ;./a.out > in
sjq@sjqs-MacBook-Air 393$ g++ 393.cpp ; ./a.out
12
a
b
c
d
e
f
g
h
i
j
k
l
Segmentation fault: 11
sjq@sjqs-MacBook-Air 393$ g++ 393.cpp ; ./a.out
1
abcdefghijklm
sjq@sjqs-MacBook-Air 393$ g++ 393.cpp ; ./a.out
1
abcdefghijklm
sjq@sjqs-MacBook-Air 393$ g++ 393.cpp ; ./a.out
1
abcdefghijklm
sjq@sjqs-MacBook-Air 393$ g++ 393.cpp ; ./a.out
12
a
b
c
d
e
f
g
h
i
j
k
l
Segmentation fault: 11
sjq@sjqs-MacBook-Air 393$ g++ -g393.cpp 
i686-apple-darwin11-llvm-g++-4.2: no input files
sjq@sjqs-MacBook-Air 393$ g++ -g 393.cpp 
sjq@sjqs-MacBook-Air 393$ gdb ./a.out
GNU gdb 6.3.50-20050815 (Apple version gdb-1822) (Sun Aug  5 03:00:42 UTC 2012)
Copyright 2004 Free Software Foundation, Inc.
GDB is free software, covered by the GNU General Public License, and you are
welcome to change it and/or distribute copies of it under certain conditions.
Type "show copying" to see the conditions.
There is absolutely no warranty for GDB.  Type "show warranty" for details.
This GDB was configured as "x86_64-apple-darwin"...Reading symbols for shared libraries ... done

(gdb) r
Starting program: /Users/sjq/Documents/sgu/393/a.out 
Reading symbols for shared libraries ++.............................. done
12
a
b
c
d
e
f
g
h
i
j
k
l

Program received signal EXC_BAD_ACCESS, Could not access memory.
Reason: 13 at address: 0x0000000000000000
0x0000000100000001 in _mh_execute_header ()
(gdb) bt
#0  0x0000000100000001 in _mh_execute_header ()
#1  0x0000000100002599 in std::vector<std::pair<int, int>, std::allocator<std::pair<int, int> > >::~vector (this=0x10000c4c0) at stl_vector.h:271
#2  0x0000000100001655 in __tcf_1 (unnamed_arg=0x0) at 393.cpp:30
#3  0x00007fff8fc24307 in __cxa_finalize ()
#4  0x00007fff8fc25f57 in exit ()
#5  0x00007fff8f8fa7e8 in start ()
(gdb) q
The program is running.  Exit anyway? (y or n) y
sjq@sjqs-MacBook-Air 393$ g++ 393.cpp 
sjq@sjqs-MacBook-Air 393$ g++ 393.cpp ; ./a.out
Bus error: 10
sjq@sjqs-MacBook-Air 393$ g++ -g 393.cpp 
sjq@sjqs-MacBook-Air 393$ gdb ./a.out
GNU gdb 6.3.50-20050815 (Apple version gdb-1822) (Sun Aug  5 03:00:42 UTC 2012)
Copyright 2004 Free Software Foundation, Inc.
GDB is free software, covered by the GNU General Public License, and you are
welcome to change it and/or distribute copies of it under certain conditions.
Type "show copying" to see the conditions.
There is absolutely no warranty for GDB.  Type "show warranty" for details.
This GDB was configured as "x86_64-apple-darwin"...Reading symbols for shared libraries ... done

(gdb) r
Starting program: /Users/sjq/Documents/sgu/393/a.out 
Reading symbols for shared libraries ++.............................. done

Program received signal EXC_BAD_ACCESS, Could not access memory.
Reason: KERN_PROTECTION_FAILURE at address: 0x0000000100001fd8
0x0000000100001a64 in main () at 393.cpp:101
101	      p[q[i][0]=tmp[0]-'a'][q[i][1]=tmp[1]-'a']=1;
(gdb) q
The program is running.  Exit anyway? (y or n) y
sjq@sjqs-MacBook-Air 393$ g++ 393.cpp ; ./a.out
Bus error: 10
sjq@sjqs-MacBook-Air 393$ g++ -g 393.cpp 
sjq@sjqs-MacBook-Air 393$ gdb ./a.out
GNU gdb 6.3.50-20050815 (Apple version gdb-1822) (Sun Aug  5 03:00:42 UTC 2012)
Copyright 2004 Free Software Foundation, Inc.
GDB is free software, covered by the GNU General Public License, and you are
welcome to change it and/or distribute copies of it under certain conditions.
Type "show copying" to see the conditions.
There is absolutely no warranty for GDB.  Type "show warranty" for details.
This GDB was configured as "x86_64-apple-darwin"...Reading symbols for shared libraries ... done

(gdb) r
Starting program: /Users/sjq/Documents/sgu/393/a.out 
Reading symbols for shared libraries ++.............................. done

Program received signal EXC_BAD_ACCESS, Could not access memory.
Reason: KERN_PROTECTION_FAILURE at address: 0x0000000100001fd8
0x0000000100001a64 in main () at 393.cpp:101
101	      p[q[i][0]=tmp[0]-'a'][q[i][1]=tmp[1]-'a']=1;
(gdb) p i
$1 = 5
(gdb) p tmp[0]
$2 = 100 'd'
(gdb) p tmp[1]
$3 = 0 '\0'
(gdb) q
The program is running.  Exit anyway? (y or n) y
sjq@sjqs-MacBook-Air 393$ g++ 393.cpp ; ./a.out
e
l
k
f
l
d
Bus error: 10
sjq@sjqs-MacBook-Air 393$ g++ 393.cpp ; ./a.out
!e
!l
!k
!f
!l
!d
!d
!h
!j
!f
!k
!k
!d
!l
!a
Bus error: 10
sjq@sjqs-MacBook-Air 393$ g++ gen.cpp ; ./a.out > in
sjq@sjqs-MacBook-Air 393$ g++ 393.cpp ; ./a.out
!el
!kf
!ld
!dh
!jf
!kk
!dl
!ai
!ge
!fl
!ef
!em
!mm
!ll
!fg
!ei
!lh
!fd
!dc
!hb
!dl
!dd
!ee
!ec
!dj
!ka
!he
!db
!ed
!lk
!ia
!gg
!cd
!ch
!cf
!ji
!hg
!fb
!lf
!if
!al
!md
!bc
!hf
!kd
!lk
!je
!ad
!mb
!im
9
achjm
bg
d
e
f
h
i
k
l
sjq@sjqs-MacBook-Air 393$ g++ 393.cpp ; ./a.out
Bus error: 10
sjq@sjqs-MacBook-Air 393$ g++ 393.cpp ; ./a.out
Bus error: 10
sjq@sjqs-MacBook-Air 393$ g++ - g 393.cpp ; ./a.out
i686-apple-darwin11-llvm-g++-4.2: g: No such file or directory
i686-apple-darwin11-llvm-g++-4.2: -E or -x required when input is from standard input
Bus error: 10
sjq@sjqs-MacBook-Air 393$ g++ -g 393.cpp ; ./a.out
Bus error: 10
sjq@sjqs-MacBook-Air 393$ gdb ./a.out
GNU gdb 6.3.50-20050815 (Apple version gdb-1822) (Sun Aug  5 03:00:42 UTC 2012)
Copyright 2004 Free Software Foundation, Inc.
GDB is free software, covered by the GNU General Public License, and you are
welcome to change it and/or distribute copies of it under certain conditions.
Type "show copying" to see the conditions.
There is absolutely no warranty for GDB.  Type "show warranty" for details.
This GDB was configured as "x86_64-apple-darwin"...Reading symbols for shared libraries ... done

(gdb) r
Starting program: /Users/sjq/Documents/sgu/393/a.out 
Reading symbols for shared libraries ++.............................. done

Program received signal EXC_BAD_ACCESS, Could not access memory.
Reason: KERN_PROTECTION_FAILURE at address: 0x000000010000eff4
0x000000010000164f in check2 (msk=34, le=1, left=3420) at 393.cpp:66
66	      if(cnt[t[__builtin_ctz(q[i][2]^msk)]]++)
(gdb) p q[i][2]
$1 = 34
(gdb) p q[i][2]^msk
$2 = 0
(gdb) q
The program is running.  Exit anyway? (y or n) y
sjq@sjqs-MacBook-Air 393$ g++ -g 393.cpp ; ./a.out
Bus error: 10
sjq@sjqs-MacBook-Air 393$ gdb ./a.out
GNU gdb 6.3.50-20050815 (Apple version gdb-1822) (Sun Aug  5 03:00:42 UTC 2012)
Copyright 2004 Free Software Foundation, Inc.
GDB is free software, covered by the GNU General Public License, and you are
welcome to change it and/or distribute copies of it under certain conditions.
Type "show copying" to see the conditions.
There is absolutely no warranty for GDB.  Type "show warranty" for details.
This GDB was configured as "x86_64-apple-darwin"...Reading symbols for shared libraries ... done

(gdb) r
Starting program: /Users/sjq/Documents/sgu/393/a.out 
Reading symbols for shared libraries ++.............................. done

Program received signal EXC_BAD_ACCESS, Could not access memory.
Reason: KERN_PROTECTION_FAILURE at address: 0x000000010000eff4
0x000000010000164f in check2 (msk=34, le=1, left=3420) at 393.cpp:66
66	      if(cnt[t[__builtin_ctz(q[i][2]^msk)]]++)
(gdb) bt est[34]
#0  0x000000010000164f in check2 (msk=34, le=1, left=3420) at 393.cpp:66
(More stack frames follow...)
(gdb) p est[34
A syntax error in expression, near `'.
(gdb) p est[34]
$1 = 1
(gdb) p i
$2 = 37
(gdb) p q[i][3]
$3 = 11
(gdb) p q[i][2]
$4 = 34
(gdb) q
The program is running.  Exit anyway? (y or n) y
sjq@sjqs-MacBook-Air 393$ g++ -O2 393.cpp ; ./a.out
9
achjm
bg
d
e
f
h
i
k
l
sjq@sjqs-MacBook-Air 393$ g++ -O2 393.cpp ; ./a.out
9
achjm
bg
d
e
f
h
i
k
l
sjq@sjqs-MacBook-Air 393$ g++ gen.cpp ; ./a.out>in
sjq@sjqs-MacBook-Air 393$ g++ -O2 393.cpp ; ./a.out
6
acdegijklm
bdeik
f
h
i
j
sjq@sjqs-MacBook-Air 393$ g++ -O2 393.cpp ; ./a.out
6
3
acdegijklm
bdeik
f
h
i
j
sjq@sjqs-MacBook-Air 393$ g++ -O2 393.cpp ; ./a.out
5
acdegijklm
bdij
dgj
f
h
sjq@sjqs-MacBook-Air 393$ g++ -O2 393.cpp ; ./a.out
5
acdegijklm
bdij
dgj
f
h
sjq@sjqs-MacBook-Air 393$ g++ -O2 393.cpp ; ./a.out
5
aceklm
bi
dgj
f
h
sjq@sjqs-MacBook-Air 393$ g++ -O2 393.cpp ; ./a.out
5
aceklm
bi
dgj
f
h
sjq@sjqs-MacBook-Air 393$ g++ -O2 393.cpp ; ./a.out
6
agjlm
b
cei
dk
f
h
sjq@sjqs-MacBook-Air 393$ g++ -O2 393.cpp ; ./a.out
6
agjlm
b
cei
dk
f
h
sjq@sjqs-MacBook-Air 393$ g++ -O2 393.cpp ; ./a.out
6
agjlm
b
cei
dk
f
h
sjq@sjqs-MacBook-Air 393$ time ./a.out
6
agjlm
b
cei
dk
f
h

real	0m0.018s
user	0m0.016s
sys	0m0.001s
sjq@sjqs-MacBook-Air 393$ time ./a.out
6
agjlm
b
cei
dk
f
h

real	0m0.017s
user	0m0.014s
sys	0m0.002s
sjq@sjqs-MacBook-Air 393$ time ./a.out
6
agjlm
b
cei
dk
f
h

real	0m0.016s
user	0m0.014s
sys	0m0.001s
sjq@sjqs-MacBook-Air 393$ time ./a.out
6
agjlm
b
cei
dk
f
h

real	0m0.018s
user	0m0.015s
sys	0m0.002s
sjq@sjqs-MacBook-Air 393$ g++ -O2 393.cpp ; ./a.out
6
aceklm
b
di
f
gj
h
sjq@sjqs-MacBook-Air 393$ time ./a.out
6
aceklm
b
di
f
gj
h

real	0m0.017s
user	0m0.015s
sys	0m0.001s
sjq@sjqs-MacBook-Air 393$ time ./a.out
6
aceklm
b
di
f
gj
h

real	0m0.018s
user	0m0.016s
sys	0m0.001s
sjq@sjqs-MacBook-Air 393$ time ./a.out
6
aceklm
b
di
f
gj
h

real	0m0.018s
user	0m0.015s
sys	0m0.002s
sjq@sjqs-MacBook-Air 393$ g++ -O2 393.cpp ; ./a.out
0
sjq@sjqs-MacBook-Air 393$ g++ -O2 393.cpp ; ./a.out
1000000000
0
sjq@sjqs-MacBook-Air 393$ g++ -O2 393.cpp ; ./a.out
1000000000
0
sjq@sjqs-MacBook-Air 393$ g++ -O2 393.cpp ; ./a.out
2
2
a
bc
sjq@sjqs-MacBook-Air 393$ g++ -O2 393.cpp ; ./a.out
3
3
a
b
c
sjq@sjqs-MacBook-Air 393$ g++ gen.cpp ; ./a.out > in
sjq@sjqs-MacBook-Air 393$ g++ 393.cpp ; ./a.out
1000000000
0
sjq@sjqs-MacBook-Air 393$ g++ 393.cpp ; ./a.out
1000000000
0
sjq@sjqs-MacBook-Air 393$ g++ 393.cpp ; ./a.out
1000000000
0
0 
1 
1 
1 
1 
1 
2 
2 
1 
2 
1 
2 
1 
2 
2 
2 
1000000000 
1000000000 
1000000000 
1000000000 
1000000000 
1000000000 
1000000000 
1000000000 
1000000000 
1000000000 
1000000000 
1000000000 
1000000000 
1000000000 
1000000000 
1000000000 
1000000000 
1000000000 
1000000000 
1000000000 
1000000000 
1000000000 
1000000000 
1000000000 
1000000000 
1000000000 
1000000000 
1000000000 
1000000000 
1000000000 
1000000000 
1000000000 
1000000000 
1000000000 
1000000000 
1000000000 
1000000000 
1000000000 
1000000000 
1000000000 
1000000000 
1000000000 
1000000000 
1000000000 
1000000000 
1000000000 
1000000000 
1000000000 
1 
2 
2 
2 
2 
2 
3 
3 
2 
3 
2 
3 
2 
3 
3 
3 
1000000000 
1000000000 
1000000000 
1000000000 
1000000000 
1000000000 
1000000000 
1000000000 
1000000000 
1000000000 
1000000000 
1000000000 
1000000000 
1000000000 
1000000000 
1000000000 
1000000000 
1000000000 
1000000000 
1000000000 
1000000000 
1000000000 
1000000000 
1000000000 
1000000000 
1000000000 
1000000000 
1000000000 
1000000000 
1000000000 
1000000000 
1000000000 
1000000000 
1000000000 
1000000000 
1000000000 
1000000000 
1000000000 
1000000000 
1000000000 
1000000000 
1000000000 
1000000000 
1000000000 
1000000000 
1000000000 
1000000000 
1000000000 
1000000000 
1000000000 
1000000000 
1000000000 
1000000000 
1000000000 
1000000000 
1000000000 
1000000000 
1000000000 
1000000000 
1000000000 
1000000000 
1000000000 
1000000000 
1000000000 
1000000000 
1000000000 
1000000000 
1000000000 
1000000000 
1000000000 
1000000000 
1000000000 
1000000000 
1000000000 
1000000000 
1000000000 
1000000000 
1000000000 
1000000000 
1000000000 
1000000000 
1000000000 
1000000000 
1000000000 
1000000000 
1000000000 
1000000000 
1000000000 
1000000000 
1000000000 
1000000000 
1000000000 
1000000000 
1000000000 
1000000000 
1000000000 
1000000000 
1000000000 
1000000000 
1000000000 
1000000000 
1000000000 
1000000000 
1000000000 
1000000000 
1000000000 
1000000000 
1000000000 
1000000000 
1000000000 
1000000000 
1000000000 
1000000000 
1000000000 
1000000000 
1000000000 
1000000000 
1000000000 
1000000000 
1000000000 
1000000000 
1000000000 
1000000000 
1000000000 
1000000000 
1000000000 
1000000000 
1000000000 
1000000000 
1000000000 
1000000000 
1000000000 
1000000000 
1000000000 
1000000000 
1000000000 
1000000000 
1000000000 
1000000000 
1000000000 
1000000000 
1000000000 
1000000000 
1000000000 
1000000000 
1000000000 
1000000000 
1000000000 
1000000000 
1000000000 
1000000000 
1000000000 
1000000000 
1000000000 
1000000000 
1000000000 
1000000000 
1000000000 
1000000000 
1000000000 
1000000000 
1000000000 
1000000000 
1000000000 
1000000000 
1000000000 
1000000000 
1000000000 
1000000000 
1000000000 
1000000000 
1000000000 
1000000000 
1000000000 
1000000000 
1000000000 
1000000000 
1000000000 
1000000000 
1000000000 
1000000000 
1000000000 
1000000000 
1000000000 
1000000000 
1000000000 
1000000000 
1000000000 
1000000000 
1000000000 
1000000000 
1000000000 
1000000000 
1000000000 
1000000000 
1000000000 
1000000000 
1000000000 
1000000000 
1000000000 
1000000000 
1000000000 
1000000000 
1000000000 
1000000000 
1000000000 
1000000000 
1000000000 
1000000000 
1000000000 
1000000000 
1000000000 
1000000000 
1000000000 
1000000000 
1000000000 
1000000000 
1000000000 
1000000000 
1000000000 
1000000000 
1000000000 
1000000000 
1000000000 
1000000000 
1000000000 
1000000000 
1000000000 
1000000000 
1000000000 
1000000000 
1000000000 
1000000000 
1000000000 
1000000000 
1000000000 
1000000000 
1000000000 
1000000000 
1000000000 
1000000000 
1000000000 
1000000000 
1000000000 
1000000000 
1000000000 
1000000000 
1000000000 
1000000000 
1000000000 
1000000000 
1000000000 
1000000000 
1000000000 
1000000000 
1000000000 
1000000000 
1000000000 
1000000000 
1000000000 
1000000000 
1000000000 
1000000000 
1000000000 
1000000000 
1000000000 
1000000000 
1000000000 
1000000000 
1000000000 
1000000000 
1000000000 
1000000000 
1000000000 
1000000000 
1000000000 
1000000000 
1000000000 
1000000000 
1000000000 
1000000000 
1000000000 
1000000000 
1000000000 
1000000000 
1000000000 
1000000000 
1000000000 
1000000000 
1000000000 
1000000000 
1000000000 
1000000000 
1000000000 
1000000000 
1000000000 
1000000000 
1000000000 
1000000000 
1000000000 
1000000000 
1000000000 
1000000000 
1000000000 
1000000000 
1000000000 
1000000000 
1000000000 
1000000000 
1000000000 
1000000000 
1000000000 
1000000000 
1000000000 
1000000000 
1000000000 
1000000000 
1000000000 
1000000000 
1000000000 
1000000000 
1000000000 
1000000000 
1000000000 
1000000000 
1000000000 
1000000000 
1000000000 
1000000000 
1000000000 
1000000000 
1000000000 
1000000000 
1000000000 
1000000000 
1000000000 
1000000000 
1000000000 
1000000000 
1000000000 
1000000000 
1000000000 
1000000000 
1000000000 
1000000000 
1000000000 
1000000000 
1000000000 
1000000000 
1000000000 
1000000000 
1000000000 
1000000000 
1000000000 
1000000000 
1000000000 
1000000000 
1000000000 
1000000000 
1000000000 
1000000000 
1000000000 
1000000000 
1000000000 
1000000000 
1000000000 
1000000000 
1000000000 
1000000000 
1000000000 
1000000000 
1000000000 
1000000000 
1000000000 
1000000000 
1000000000 
1000000000 
1000000000 
1000000000 
1000000000 
1000000000 
1000000000 
1000000000 
1000000000 
1000000000 
1000000000 
1000000000 
1000000000 
1000000000 
1000000000 
1000000000 
1000000000 
1000000000 
1000000000 
1000000000 
1000000000 
1000000000 
1000000000 
1000000000 
1000000000 
1000000000 
1000000000 
1000000000 
1000000000 
1000000000 
1000000000 
1000000000 
1000000000 
1000000000 
1000000000 
1000000000 
1000000000 
1000000000 
1000000000 
1000000000 
1000000000 
1000000000 
1000000000 
1000000000 
1000000000 
1000000000 
1000000000 
1000000000 
1000000000 
1000000000 
1000000000 
1000000000 
1000000000 
1000000000 
1000000000 
1000000000 
1000000000 
1 
2 
1 
2 
1 
2 
2 
2 
1 
2 
1 
2 
1 
2 
2 
2 
1000000000 
1000000000 
1000000000 
1000000000 
1000000000 
1000000000 
1000000000 
1000000000 
1000000000 
1000000000 
1000000000 
1000000000 
1000000000 
1000000000 
1000000000 
1000000000 
1000000000 
1000000000 
1000000000 
1000000000 
1000000000 
1000000000 
1000000000 
1000000000 
1000000000 
1000000000 
1000000000 
1000000000 
1000000000 
1000000000 
1000000000 
1000000000 
1000000000 
1000000000 
1000000000 
1000000000 
1000000000 
1000000000 
1000000000 
1000000000 
1000000000 
1000000000 
1000000000 
1000000000 
1000000000 
1000000000 
1000000000 
1000000000 
1 
2 
2 
2 
2 
2 
3 
3 
2 
3 
2 
3 
2 
3 
3 
3 
1000000000 
1000000000 
1000000000 
1000000000 
1000000000 
1000000000 
1000000000 
1000000000 
1000000000 
1000000000 
1000000000 
1000000000 
1000000000 
1000000000 
1000000000 
1000000000 
1000000000 
1000000000 
1000000000 
1000000000 
1000000000 
1000000000 
1000000000 
1000000000 
1000000000 
1000000000 
1000000000 
1000000000 
1000000000 
1000000000 
1000000000 
1000000000 
1000000000 
1000000000 
1000000000 
1000000000 
1000000000 
1000000000 
1000000000 
1000000000 
1000000000 
1000000000 
1000000000 
1000000000 
1000000000 
1000000000 
1000000000 
1000000000 
1000000000 
1000000000 
1000000000 
1000000000 
1000000000 
1000000000 
1000000000 
1000000000 
1000000000 
1000000000 
1000000000 
1000000000 
1000000000 
1000000000 
1000000000 
1000000000 
1000000000 
1000000000 
1000000000 
1000000000 
1000000000 
1000000000 
1000000000 
1000000000 
1000000000 
1000000000 
1000000000 
1000000000 
1000000000 
1000000000 
1000000000 
1000000000 
1000000000 
1000000000 
1000000000 
1000000000 
1000000000 
1000000000 
1000000000 
1000000000 
1000000000 
1000000000 
1000000000 
1000000000 
1000000000 
1000000000 
1000000000 
1000000000 
1000000000 
1000000000 
1000000000 
1000000000 
1000000000 
1000000000 
1000000000 
1000000000 
1000000000 
1000000000 
1000000000 
1000000000 
1000000000 
1000000000 
1000000000 
1000000000 
1000000000 
1000000000 
1000000000 
1000000000 
1000000000 
1000000000 
1000000000 
1000000000 
1000000000 
1000000000 
1000000000 
1000000000 
1000000000 
1000000000 
1000000000 
1000000000 
1000000000 
1000000000 
1000000000 
1000000000 
1000000000 
1000000000 
1000000000 
1000000000 
1000000000 
1000000000 
1000000000 
1000000000 
1000000000 
1000000000 
1000000000 
1000000000 
1000000000 
1000000000 
1000000000 
1000000000 
1000000000 
1000000000 
1000000000 
1000000000 
1000000000 
1000000000 
1000000000 
1000000000 
1000000000 
1000000000 
1000000000 
1000000000 
1000000000 
1000000000 
1000000000 
1000000000 
1000000000 
1000000000 
1000000000 
1000000000 
1000000000 
1000000000 
1000000000 
1000000000 
1000000000 
1000000000 
1000000000 
1000000000 
1000000000 
1000000000 
1000000000 
1000000000 
1000000000 
1000000000 
1000000000 
1000000000 
1000000000 
1000000000 
1000000000 
1000000000 
1000000000 
1000000000 
1000000000 
1000000000 
1000000000 
1000000000 
1000000000 
1000000000 
1000000000 
1000000000 
1000000000 
1000000000 
1000000000 
1000000000 
1000000000 
1000000000 
1000000000 
1000000000 
1000000000 
1000000000 
1000000000 
1000000000 
1000000000 
1000000000 
1000000000 
1000000000 
1000000000 
1000000000 
1000000000 
1000000000 
1000000000 
1000000000 
1000000000 
1000000000 
1000000000 
1000000000 
1000000000 
1000000000 
1000000000 
1000000000 
1000000000 
1000000000 
1000000000 
1000000000 
1000000000 
1000000000 
1000000000 
1000000000 
1000000000 
1000000000 
1000000000 
1000000000 
1000000000 
1000000000 
1000000000 
1000000000 
1000000000 
1000000000 
1000000000 
1000000000 
1000000000 
1000000000 
1000000000 
1000000000 
1000000000 
1000000000 
1000000000 
1000000000 
1000000000 
1000000000 
1000000000 
1000000000 
1000000000 
1000000000 
1000000000 
1000000000 
1000000000 
1000000000 
1000000000 
1000000000 
1000000000 
1000000000 
1000000000 
1000000000 
1000000000 
1000000000 
1000000000 
1000000000 
1000000000 
1000000000 
1000000000 
1000000000 
1000000000 
1000000000 
1000000000 
1000000000 
1000000000 
1000000000 
1000000000 
1000000000 
1000000000 
1000000000 
1000000000 
1000000000 
1000000000 
1000000000 
1000000000 
1000000000 
1000000000 
1000000000 
1000000000 
1000000000 
1000000000 
1000000000 
1000000000 
1000000000 
1000000000 
1000000000 
1000000000 
1000000000 
1000000000 
1000000000 
1000000000 
1000000000 
1000000000 
1000000000 
1000000000 
1000000000 
1000000000 
1000000000 
1000000000 
1000000000 
1000000000 
1000000000 
1000000000 
1000000000 
1000000000 
1000000000 
1000000000 
1000000000 
1000000000 
1000000000 
1000000000 
1000000000 
1000000000 
1000000000 
1000000000 
1000000000 
1000000000 
1000000000 
1000000000 
1000000000 
1000000000 
1000000000 
1000000000 
1000000000 
1000000000 
1000000000 
1000000000 
1000000000 
1000000000 
1000000000 
1000000000 
1000000000 
1000000000 
1000000000 
1000000000 
1000000000 
1000000000 
1000000000 
1000000000 
1000000000 
1000000000 
1000000000 
1000000000 
1000000000 
1000000000 
1000000000 
1000000000 
1000000000 
1000000000 
1000000000 
1000000000 
1000000000 
1000000000 
1000000000 
1000000000 
1000000000 
1000000000 
1000000000 
1000000000 
1000000000 
1000000000 
1000000000 
1000000000 
1000000000 
1000000000 
1000000000 
1000000000 
1000000000 
1000000000 
1000000000 
1000000000 
1000000000 
1000000000 
1000000000 
1000000000 
1000000000 
1000000000 
1000000000 
1000000000 
1000000000 
1000000000 
1000000000 
1000000000 
1000000000 
1000000000 
1000000000 
1000000000 
1000000000 
1000000000 
1000000000 
1000000000 
1000000000 
1000000000 
1000000000 
1000000000 
1000000000 
1000000000 
1000000000 
1000000000 
1000000000 
1000000000 
1000000000 
1000000000 
1000000000 
1000000000 
1000000000 
1000000000 
1000000000 
1000000000 
1000000000 
1000000000 
1000000000 
1 
1 
1 
1 
1 
1 
2 
2 
1 
2 
1 
2 
1 
2 
2 
2 
1000000000 
1000000000 
1000000000 
1000000000 
1000000000 
1000000000 
1000000000 
1000000000 
1000000000 
1000000000 
1000000000 
1000000000 
1000000000 
1000000000 
1000000000 
1000000000 
1000000000 
1000000000 
1000000000 
1000000000 
1000000000 
1000000000 
1000000000 
1000000000 
1000000000 
1000000000 
1000000000 
1000000000 
1000000000 
1000000000 
1000000000 
1000000000 
1000000000 
1000000000 
1000000000 
1000000000 
1000000000 
1000000000 
1000000000 
1000000000 
1000000000 
1000000000 
1000000000 
1000000000 
1000000000 
1000000000 
1000000000 
1000000000 
1 
2 
2 
2 
2 
2 
3 
3 
2 
3 
2 
3 
2 
3 
3 
3 
1000000000 
1000000000 
1000000000 
1000000000 
1000000000 
1000000000 
1000000000 
1000000000 
1000000000 
1000000000 
1000000000 
1000000000 
1000000000 
1000000000 
1000000000 
1000000000 
1000000000 
1000000000 
1000000000 
1000000000 
1000000000 
1000000000 
1000000000 
1000000000 
1000000000 
1000000000 
1000000000 
1000000000 
1000000000 
1000000000 
1000000000 
1000000000 
1000000000 
1000000000 
1000000000 
1000000000 
1000000000 
1000000000 
1000000000 
1000000000 
1000000000 
1000000000 
1000000000 
1000000000 
1000000000 
1000000000 
1000000000 
1000000000 
1000000000 
1000000000 
1000000000 
1000000000 
1000000000 
1000000000 
1000000000 
1000000000 
1000000000 
1000000000 
1000000000 
1000000000 
1000000000 
1000000000 
1000000000 
1000000000 
1000000000 
1000000000 
1000000000 
1000000000 
1000000000 
1000000000 
1000000000 
1000000000 
1000000000 
1000000000 
1000000000 
1000000000 
1000000000 
1000000000 
1000000000 
1000000000 
1000000000 
1000000000 
1000000000 
1000000000 
1000000000 
1000000000 
1000000000 
1000000000 
1000000000 
1000000000 
1000000000 
1000000000 
1000000000 
1000000000 
1000000000 
1000000000 
1000000000 
1000000000 
1000000000 
1000000000 
1000000000 
1000000000 
1000000000 
1000000000 
1000000000 
1000000000 
1000000000 
1000000000 
1000000000 
1000000000 
1000000000 
1000000000 
1000000000 
1000000000 
1000000000 
1000000000 
1000000000 
1000000000 
1000000000 
1000000000 
1000000000 
1000000000 
1000000000 
1000000000 
1000000000 
1000000000 
1000000000 
1000000000 
1000000000 
1000000000 
1000000000 
1000000000 
1000000000 
1000000000 
1000000000 
1000000000 
1000000000 
1000000000 
1000000000 
1000000000 
1000000000 
1000000000 
1000000000 
1000000000 
1000000000 
1000000000 
1000000000 
1000000000 
1000000000 
1000000000 
1000000000 
1000000000 
1000000000 
1000000000 
1000000000 
1000000000 
1000000000 
1000000000 
1000000000 
1000000000 
1000000000 
1000000000 
1000000000 
1000000000 
1000000000 
1000000000 
1000000000 
1000000000 
1000000000 
1000000000 
1000000000 
1000000000 
1000000000 
1000000000 
1000000000 
1000000000 
1000000000 
1000000000 
1000000000 
1000000000 
1000000000 
1000000000 
1000000000 
1000000000 
1000000000 
1000000000 
1000000000 
1000000000 
1000000000 
1000000000 
1000000000 
1000000000 
1000000000 
1000000000 
1000000000 
1000000000 
1000000000 
1000000000 
1000000000 
1000000000 
1000000000 
1000000000 
1000000000 
1000000000 
1000000000 
1000000000 
1000000000 
1000000000 
1000000000 
1000000000 
1000000000 
1000000000 
1000000000 
1000000000 
1000000000 
1000000000 
1000000000 
1000000000 
1000000000 
1000000000 
1000000000 
1000000000 
1000000000 
1000000000 
1000000000 
1000000000 
1000000000 
1000000000 
1000000000 
1000000000 
1000000000 
1000000000 
1000000000 
1000000000 
1000000000 
1000000000 
1000000000 
1000000000 
1000000000 
1000000000 
1000000000 
1000000000 
1000000000 
1000000000 
1000000000 
1000000000 
1000000000 
1000000000 
1000000000 
1000000000 
1000000000 
1000000000 
1000000000 
1000000000 
1000000000 
1000000000 
1000000000 
1000000000 
1000000000 
1000000000 
1000000000 
1000000000 
1000000000 
1000000000 
1000000000 
1000000000 
1000000000 
1000000000 
1000000000 
1000000000 
1000000000 
1000000000 
1000000000 
1000000000 
1000000000 
1000000000 
1000000000 
1000000000 
1000000000 
1000000000 
1000000000 
1000000000 
1000000000 
1000000000 
1000000000 
1000000000 
1000000000 
1000000000 
1000000000 
1000000000 
1000000000 
1000000000 
1000000000 
1000000000 
1000000000 
1000000000 
1000000000 
1000000000 
1000000000 
1000000000 
1000000000 
1000000000 
1000000000 
1000000000 
1000000000 
1000000000 
1000000000 
1000000000 
1000000000 
1000000000 
1000000000 
1000000000 
1000000000 
1000000000 
1000000000 
1000000000 
1000000000 
1000000000 
1000000000 
1000000000 
1000000000 
1000000000 
1000000000 
1000000000 
1000000000 
1000000000 
1000000000 
1000000000 
1000000000 
1000000000 
1000000000 
1000000000 
1000000000 
1000000000 
1000000000 
1000000000 
1000000000 
1000000000 
1000000000 
1000000000 
1000000000 
1000000000 
1000000000 
1000000000 
1000000000 
1000000000 
1000000000 
1000000000 
1000000000 
1000000000 
1000000000 
1000000000 
1000000000 
1000000000 
1000000000 
1000000000 
1000000000 
1000000000 
1000000000 
1000000000 
1000000000 
1000000000 
1000000000 
1000000000 
1000000000 
1000000000 
1000000000 
1000000000 
1000000000 
1000000000 
1000000000 
1000000000 
1000000000 
1000000000 
1000000000 
1000000000 
1000000000 
1000000000 
1000000000 
1000000000 
1000000000 
1000000000 
1000000000 
1000000000 
1000000000 
1000000000 
1000000000 
1000000000 
1000000000 
1000000000 
1000000000 
1000000000 
1000000000 
1000000000 
1000000000 
1000000000 
1000000000 
1000000000 
1000000000 
1000000000 
1000000000 
1000000000 
1000000000 
1000000000 
1000000000 
1000000000 
1000000000 
1000000000 
1000000000 
1000000000 
1000000000 
1000000000 
1000000000 
1000000000 
1000000000 
1000000000 
1000000000 
1000000000 
1000000000 
1000000000 
1000000000 
1000000000 
1000000000 
1000000000 
1000000000 
1000000000 
1000000000 
1000000000 
1000000000 
1000000000 
1000000000 
1000000000 
1 
2 
1 
2 
1 
2 
2 
2 
1 
2 
1 
2 
1 
2 
2 
2 
1000000000 
1000000000 
1000000000 
1000000000 
1000000000 
1000000000 
1000000000 
1000000000 
1000000000 
1000000000 
1000000000 
1000000000 
1000000000 
1000000000 
1000000000 
1000000000 
1000000000 
1000000000 
1000000000 
1000000000 
1000000000 
1000000000 
1000000000 
1000000000 
1000000000 
1000000000 
1000000000 
1000000000 
1000000000 
1000000000 
1000000000 
1000000000 
1000000000 
1000000000 
1000000000 
1000000000 
1000000000 
1000000000 
1000000000 
1000000000 
1000000000 
1000000000 
1000000000 
1000000000 
1000000000 
1000000000 
1000000000 
1000000000 
1 
2 
2 
2 
2 
2 
3 
3 
2 
3 
2 
3 
2 
3 
3 
3 
1000000000 
1000000000 
1000000000 
1000000000 
1000000000 
1000000000 
1000000000 
1000000000 
1000000000 
1000000000 
1000000000 
1000000000 
1000000000 
1000000000 
1000000000 
1000000000 
1000000000 
1000000000 
1000000000 
1000000000 
1000000000 
1000000000 
1000000000 
1000000000 
1000000000 
1000000000 
1000000000 
1000000000 
1000000000 
1000000000 
1000000000 
1000000000 
1000000000 
1000000000 
1000000000 
1000000000 
1000000000 
1000000000 
1000000000 
1000000000 
1000000000 
1000000000 
1000000000 
1000000000 
1000000000 
1000000000 
1000000000 
1000000000 
1000000000 
1000000000 
1000000000 
1000000000 
1000000000 
1000000000 
1000000000 
1000000000 
1000000000 
1000000000 
1000000000 
1000000000 
1000000000 
1000000000 
1000000000 
1000000000 
1000000000 
1000000000 
1000000000 
1000000000 
1000000000 
1000000000 
1000000000 
1000000000 
1000000000 
1000000000 
1000000000 
1000000000 
1000000000 
1000000000 
1000000000 
1000000000 
1000000000 
1000000000 
1000000000 
1000000000 
1000000000 
1000000000 
1000000000 
1000000000 
1000000000 
1000000000 
1000000000 
1000000000 
1000000000 
1000000000 
1000000000 
1000000000 
1000000000 
1000000000 
1000000000 
1000000000 
1000000000 
1000000000 
1000000000 
1000000000 
1000000000 
1000000000 
1000000000 
1000000000 
1000000000 
1000000000 
1000000000 
1000000000 
1000000000 
1000000000 
1000000000 
1000000000 
1000000000 
1000000000 
1000000000 
1000000000 
1000000000 
1000000000 
1000000000 
1000000000 
1000000000 
1000000000 
1000000000 
1000000000 
1000000000 
1000000000 
1000000000 
1000000000 
1000000000 
1000000000 
1000000000 
1000000000 
1000000000 
1000000000 
1000000000 
1000000000 
1000000000 
1000000000 
1000000000 
1000000000 
1000000000 
1000000000 
1000000000 
1000000000 
1000000000 
1000000000 
1000000000 
1000000000 
1000000000 
1000000000 
1000000000 
1000000000 
1000000000 
1000000000 
1000000000 
1000000000 
1000000000 
1000000000 
1000000000 
1000000000 
1000000000 
1000000000 
1000000000 
1000000000 
1000000000 
1000000000 
1000000000 
1000000000 
1000000000 
1000000000 
1000000000 
1000000000 
1000000000 
1000000000 
1000000000 
1000000000 
1000000000 
1000000000 
1000000000 
1000000000 
1000000000 
1000000000 
1000000000 
1000000000 
1000000000 
1000000000 
1000000000 
1000000000 
1000000000 
1000000000 
1000000000 
1000000000 
1000000000 
1000000000 
1000000000 
1000000000 
1000000000 
1000000000 
1000000000 
1000000000 
1000000000 
1000000000 
1000000000 
1000000000 
1000000000 
1000000000 
1000000000 
1000000000 
1000000000 
1000000000 
1000000000 
1000000000 
1000000000 
1000000000 
1000000000 
1000000000 
1000000000 
1000000000 
1000000000 
1000000000 
1000000000 
1000000000 
1000000000 
1000000000 
1000000000 
1000000000 
1000000000 
1000000000 
1000000000 
1000000000 
1000000000 
1000000000 
1000000000 
1000000000 
1000000000 
1000000000 
1000000000 
1000000000 
1000000000 
1000000000 
1000000000 
1000000000 
1000000000 
1000000000 
1000000000 
1000000000 
1000000000 
1000000000 
1000000000 
1000000000 
1000000000 
1000000000 
1000000000 
1000000000 
1000000000 
1000000000 
1000000000 
1000000000 
1000000000 
1000000000 
1000000000 
1000000000 
1000000000 
1000000000 
1000000000 
1000000000 
1000000000 
1000000000 
1000000000 
1000000000 
1000000000 
1000000000 
1000000000 
1000000000 
1000000000 
1000000000 
1000000000 
1000000000 
1000000000 
1000000000 
1000000000 
1000000000 
1000000000 
1000000000 
1000000000 
1000000000 
1000000000 
1000000000 
1000000000 
1000000000 
1000000000 
1000000000 
1000000000 
1000000000 
1000000000 
1000000000 
1000000000 
1000000000 
1000000000 
1000000000 
1000000000 
1000000000 
1000000000 
1000000000 
1000000000 
1000000000 
1000000000 
1000000000 
1000000000 
1000000000 
1000000000 
1000000000 
1000000000 
1000000000 
1000000000 
1000000000 
1000000000 
1000000000 
1000000000 
1000000000 
1000000000 
1000000000 
1000000000 
1000000000 
1000000000 
1000000000 
1000000000 
1000000000 
1000000000 
1000000000 
1000000000 
1000000000 
1000000000 
1000000000 
1000000000 
1000000000 
1000000000 
1000000000 
1000000000 
1000000000 
1000000000 
1000000000 
1000000000 
1000000000 
1000000000 
1000000000 
1000000000 
1000000000 
1000000000 
1000000000 
1000000000 
1000000000 
1000000000 
1000000000 
1000000000 
1000000000 
1000000000 
1000000000 
1000000000 
1000000000 
1000000000 
1000000000 
1000000000 
1000000000 
1000000000 
1000000000 
1000000000 
1000000000 
1000000000 
1000000000 
1000000000 
1000000000 
1000000000 
1000000000 
1000000000 
1000000000 
1000000000 
1000000000 
1000000000 
1000000000 
1000000000 
1000000000 
1000000000 
1000000000 
1000000000 
1000000000 
1000000000 
1000000000 
1000000000 
1000000000 
1000000000 
1000000000 
1000000000 
1000000000 
1000000000 
1000000000 
1000000000 
1000000000 
1000000000 
1000000000 
1000000000 
1000000000 
1000000000 
1000000000 
1000000000 
1000000000 
1000000000 
1000000000 
1000000000 
1000000000 
1000000000 
1000000000 
1000000000 
1000000000 
1000000000 
1000000000 
1000000000 
1000000000 
1000000000 
1000000000 
1000000000 
1000000000 
1000000000 
1000000000 
1000000000 
1000000000 
1000000000 
1000000000 
1000000000 
1000000000 
1000000000 
1000000000 
1000000000 
1000000000 
1000000000 
1000000000 
1000000000 
1000000000 
1000000000 
1000000000 
1000000000 
1000000000 
1000000000 
1000000000 
1000000000 
1000000000 
1000000000 
1000000000 
1000000000 
1000000000 
1000000000 
1000000000 
1000000000 
1000000000 
1000000000 
1000000000 
1000000000 
1000000000 
1000000000 
1000000000 
1000000000 
1000000000 
1000000000 
1000000000 
1000000000 
1000000000 
1000000000 
1000000000 
1000000000 
1000000000 
1000000000 
1000000000 
1000000000 
1000000000 
1000000000 
1000000000 
1000000000 
1000000000 
1000000000 
1000000000 
1000000000 
1000000000 
1000000000 
1000000000 
1000000000 
1000000000 
1000000000 
1000000000 
1000000000 
1000000000 
1000000000 
1000000000 
1000000000 
1000000000 
1000000000 
1000000000 
1000000000 
1000000000 
1000000000 
1000000000 
1000000000 
1000000000 
1000000000 
1000000000 
1000000000 
1000000000 
1000000000 
1000000000 
1000000000 
1000000000 
1000000000 
1000000000 
1000000000 
1000000000 
1000000000 
10000  ^C ^C00000 
1000000000 
1000000000 
1000000000 
1000000000 
1000000000 
1000000000 
1000000000 
1000000000 
1000000000 
1000000000 
1000000000 
1000000000 
1000000000 
1000000000 
1000000000 
1000000000 
1000000000 
1000000000 
1000000000 
1000000000 
1000000000 
1000000000 
1000000000 
1000000000 
1000000000 
1000000000 
1000000000 
1000000000 
1000000000 
1000000000 
1000000000 
1000000000 
1000000000 
1000000000 
1000000000 
1000000000 
1000000000 
1000000000 
1000000000 
1000000000 
1000000000 
1000000000 
1000000000 
1000000000 
1000000000 
1000000000 
1000000000 
1000000000 
1000000000 
1000000000 
1000000000 
1000000000 
1000000000 
1000000000 
1000000000 
1000000000 
1000000000 
1000000000 
1000000000 
1000000000 
1000000000 
1000000000 
1000000000 
1000000000 
1000000000 
1000000000 
1000000000 
1000000000 
1000000000 
1000000000 
1000000000 
1000000000 
1000000000 
1000000000 
1000000000 
1000000000 
1000000000 
1000000000 
10
sjq@sjqs-MacBook-Air 393$ g++ 393.cpp ; ./a.out
1000000000
0
0 0 
1 1 
2 1 
3 1 
4 1 
5 1 
6 2 
7 2 
8 1 
9 2 
10 1 
11 2 
12 1 
13 2 
14 2 
15 2 
16 1000000000 
17 1000000000 
18 1000000000 
19 1000000000 
sjq@sjqs-MacBook-Air 393$ g++ 393.cpp ; ./a.out
0
0 0 
1 1 
2 1 
3 1 
4 1 
5 1 
6 2 
7 2 
8 1 
9 2 
10 1 
11 2 
12 1 
13 2 
14 2 
15 2 
16 1000000000 
17 1000000000 
18 1000000000 
19 1000000000 
sjq@sjqs-MacBook-Air 393$ g++ 393.cpp ; ./a.out
Segmentation fault: 11
sjq@sjqs-MacBook-Air 393$ g++ 393.cpp ; ./a.out
!0
0
0 0 
1 1 
2 1 
3 1 
4 1 
5 1 
6 2 
7 2 
8 1 
9 2 
10 1 
11 2 
12 1 
13 2 
14 2 
15 2 
16 1000000000 
17 1000000000 
18 1000000000 
19 1000000000 
sjq@sjqs-MacBook-Air 393$ g++ 393.cpp ; ./a.out
144 4 7
1040 4 10
144 4 7
0
0 0 
1 1 
2 1 
3 1 
4 1 
5 1 
6 2 
7 2 
8 1 
9 2 
10 1 
11 2 
12 1 
13 2 
14 2 
15 2 
16 1000000000 
17 1000000000 
18 1000000000 
19 1000000000 
sjq@sjqs-MacBook-Air 393$ g++ gen.cpp ; ./a.out 
gen.cpp: In function 'int main()':
gen.cpp:37: error: 'mapp' was not declared in this scope
144 4 7
1040 4 10
144 4 7
0
0 0 
1 1 
2 1 
3 1 
4 1 
5 1 
6 2 
7 2 
8 1 
9 2 
10 1 
11 2 
12 1 
13 2 
14 2 
15 2 
16 1000000000 
17 1000000000 
18 1000000000 
19 1000000000 
sjq@sjqs-MacBook-Air 393$ g++ gen.cpp ; ./a.out 
13 25
lh
jc
he
gj
mf
fd
ii
fg
af
hf
ke
gh
bm
ig
fi
dl
ah
bj
hd
hh
fh
ab
ec
ad
dj
sjq@sjqs-MacBook-Air 393$ g++ gen.cpp ; ./a.out >in
sjq@sjqs-MacBook-Air 393$ g++ 393.cpp ; ./a.out
144 7 4
1040 10 4
20 4 2
0
0 0 
1 1 
2 1 
3 1 
4 1 
5 1 
6 2 
7 2 
8 1 
9 2 
10 2 
11 2 
12 2 
13 2 
14 3 
15 3 
16 1 
17 2 
18 1 
19 2 
sjq@sjqs-MacBook-Air 393$ g++ 393.cpp ; ./a.out
0
0 0 
1 1 
2 1 
3 1 
4 1 
5 1 
6 2 
7 2 
8 1 
9 2 
10 2 
11 2 
12 2 
13 2 
14 3 
15 3 
16 1 
17 2 
18 1 
19 2 
sjq@sjqs-MacBook-Air 393$ g++ 393.cpp ; ./a.out
0
sjq@sjqs-MacBook-Air 393$ g++ 393.cpp ; ./a.out
1000000000
0
sjq@sjqs-MacBook-Air 393$ cat in
13 25
lh
jc
he
gj
mf
fd
ii
fg
af
hf
ke
gh
bm
ig
fi
dl
ah
bj
hd
hh
fh
ab
ec
ad
dj
sjq@sjqs-MacBook-Air 393$ sort
  ^C ^C
sjq@sjqs-MacBook-Air 393$ man sort
WARNING: terminal is not fully functional
-  (press RETURN)
SORT(1)                                                                        User Commands                                                                        SORT(1)

NAME
       sort - sort lines of text files

SYNOPSIS
       sort [OPTION]... [FILE]...

DESCRIPTION
       Write sorted concatenation of all FILE(s) to standard output.

       Mandatory arguments to long options are mandatory for short options too.  Ordering options:

       -b, --ignore-leading-blanks
              ignore leading blanks

       -d, --dictionary-order
              consider only blanks and alphanumeric characters

       -f, --ignore-case
              fold lower case to upper case characters

       -g, --general-numeric-sort
:q
sjq@sjqs-MacBook-Air 393$ sjq@sjqs-MacBook-Air 393$ cat in | sort
13 25
ab
ad
af
ah
bj
bm
dj
dl
ec
fd
fg
fh
fi
gh
gj
hd
he
hf
hh
ig
ii
jc
ke
lh
mf
sjq@sjqs-MacBook-Air 393$ cat in | sort
13 25
ab
ad
af
ah
bj
bm
dj
dl
ec
fd
fg
fh
fi
gh
gj
hd
he
hf
hh
ig
ii
jc
ke
lh
mf
sjq@sjqs-MacBook-Air 393$ g++ 393.cpp ; ./a.out
0
sjq@sjqs-MacBook-Air 393$ g++ 393.cpp ; ./a.out
3233343536373839404142434445464748495051525354555657585960616263969798991001011021031041051061071081091101111121131141151161171181191201211221231241251261271281291301311321331341351361371381391401411421431441451461471481491501511521531541551561571581591601611621631641651661671681691701711721731741751761771781791801811821831841851861871881891901911921931941951961971981992002012022032042052062072082092102112122132142152162172182192202212222232242252262272282292302312322332342352362372382392402412422432442452462472482492502512522532542552882892902912922932942952962972982993003013023033043053063073083093103113123133143153163173183193523533543553563573583593603613623633643653663673683693703713723733743753763773783793803813823833843853863873883893903913923933943953963973983994004014024034044054064074084094104114124134144154164174184194204214224234244254264274284294304314324334344354364374384394404414424434444454464474484494504514524534544554564574584594604614624634644654664674684694704714724734744754764774784794804814824834844854864874884894904914924934944954964974984995005015025035045055065075085095105115445455465475485495505515525535545555565575585595605615625635645655665675685695705715725735745756086096106116126136146156166176186196206216226236246256266276286296306316326336346356366376386396406416426436446456466476486496506516526536546556566576586596606616626636646656666676686696706716726736746756766776786796806816826836846856866876886896906916926936946956966976986997007017027037047057067077087097107117127137147157167177187197207217227237247257267277287297307317327337347357367377387397407417427437447457467477487497507517527537547557567577587597607617627637647657667678008018028038048058068078088098108118128138148158168178188198208218228238248258268278288298308318648658668678688698708718728738748758768778788798808818828838848858868878888898908918928938948958968978988999009019029039049059069079089099109119129139149159169179189199209219229239249259269279289299309319329339349359369379389399409419429439449459469479489499509519529539549559569579589599609619629639649659669679689699709719729739749759769779789799809819829839849859869879889899909919929939949959969979989991000100110021003100410051006100710081009101010111012101310141015101610171018101910201021102210231056105710581059106010611062106310641065106610671068106910701071107210731074107510761077107810791080108110821083108410851086108711201121112211231124112511261127112811291130113111321133113411351136113711381139114011411142114311441145114611471148114911501151115211531154115511561157115811591160116111621163116411651166116711681169117011711172117311741175117611771178117911801181118211831184118511861187118811891190119111921193119411951196119711981199120012011202120312041205120612071208120912101211121212131214121512161217121812191220122112221223122412251226122712281229123012311232123312341235123612371238123912401241124212431244124512461247124812491250125112521253125412551256125712581259126012611262126312641265126612671268126912701271127212731274127512761277127812791312131313141315131613171318131913201321132213231324132513261327132813291330133113321333133413351336133713381339134013411342134313761377137813791380138113821383138413851386138713881389139013911392139313941395139613971398139914001401140214031404140514061407140814091410141114121413141414151416141714181419142014211422142314241425142614271428142914301431143214331434143514361437143814391440144114421443144414451446144714481449145014511452145314541455145614571458145914601461146214631464146514661467146814691470147114721473147414751476147714781479148014811482148314841485148614871488148914901491149214931494149514961497149814991500150115021503150415051506150715081509151015111512151315141515151615171518151915201521152215231524152515261527152815291530153115321533153415351568156915701571157215731574157515761577157815791580158115821583158415851586158715881589159015911592159315941595159615971598159916321633163416351636163716381639164016411642164316441645164616471648164916501651165216531654165516561657165816591660166116621663166416651666166716681669167016711672167316741675167616771678167916801681168216831684168516861687168816891690169116921693169416951696169716981699170017011702170317041705170617071708170917101711171217131714171517161717171817191720172117221723172417251726172717281729173017311732173317341735173617371738173917401741174217431744174517461747174817491750175117521753175417551756175717581759176017611762176317641765176617671768176917701771177217731774177517761777177817791780178117821783178417851786178717881789179017911824182518261827182818291830183118321833183418351836183718381839184018411842184318441845184618471848184918501851185218531854185518881889189018911892189318941895189618971898189919001901190219031904190519061907190819091910191119121913191419151916191719181919192019211922192319241925192619271928192919301931193219331934193519361937193819391940194119421943194419451946194719481949195019511952195319541955195619571958195919601961196219631964196519661967196819691970197119721973197419751976197719781979198019811982198319841985198619871988198919901991199219931994199519961997199819992000200120022003200420052006200720082009201020112012201320142015201620172018201920202021202220232024202520262027202820292030203120322033203420352036203720382039204020412042204320442045204620472080208120822083208420852086208720882089209020912092209320942095209620972098209921002101210221032104210521062107210821092110211121442145214621472148214921502151215221532154215521562157215821592160216121622163216421652166216721682169217021712172217321742175217621772178217921802181218221832184218521862187218821892190219121922193219421952196219721982199220022012202220322042205220622072208220922102211221222132214221522162217221822192220222122222223222422252226222722282229223022312232223322342235223622372238223922402241224222432244224522462247224822492250225122522253225422552256225722582259226022612262226322642265226622672268226922702271227222732274227522762277227822792280228122822283228422852286228722882289229022912292229322942295229622972298229923002301230223032336233723382339234023412342234323442345234623472348234923502351235223532354235523562357235823592360236123622363236423652366236724002401240224032404240524062407240824092410241124122413241424152416241724182419242024212422242324242425242624272428242924302431243224332434243524362437243824392440244124422443244424452446244724482449245024512452245324542455245624572458245924602461246224632464246524662467246824692470247124722473247424752476247724782479248024812482248324842485248624872488248924902491249224932494249524962497249824992500250125022503250425052506250725082509251025112512251325142515251625172518251925202521252225232524252525262527252825292530253125322533253425352536253725382539254025412542254325442545254625472548254925502551255225532554255525562557255825592592259325942595259625972598259926002601260226032604260526062607260826092610261126122613261426152616261726182619262026212622262326562657265826592660266126622663266426652666266726682669267026712672267326742675267626772678267926802681268226832684268526862687268826892690269126922693269426952696269726982699270027012702270327042705270627072708270927102711271227132714271527162717271827192720272127222723272427252726272727282729273027312732273327342735273627372738273927402741274227432744274527462747274827492750275127522753275427552756275727582759276027612762276327642765276627672768276927702771277227732774277527762777277827792780278127822783278427852786278727882789279027912792279327942795279627972798279928002801280228032804280528062807280828092810281128122813281428152848284928502851285228532854285528562857285828592860286128622863286428652866286728682869287028712872287328742875287628772878287929122913291429152916291729182919292029212922292329242925292629272928292929302931293229332934293529362937293829392940294129422943294429452946294729482949295029512952295329542955295629572958295929602961296229632964296529662967296829692970297129722973297429752976297729782979298029812982298329842985298629872988298929902991299229932994299529962997299829993000300130023003300430053006300730083009301030113012301330143015301630173018301930203021302230233024302530263027302830293030303130323033303430353036303730383039304030413042304330443045304630473048304930503051305230533054305530563057305830593060306130623063306430653066306730683069307030713104310531063107310831093110311131123113311431153116311731183119312031213122312331243125312631273128312931303131313231333134313531683169317031713172317331743175317631773178317931803181318231833184318531863187318831893190319131923193319431953196319731983199320032013202320332043205320632073208320932103211321232133214321532163217321832193220322132223223322432253226322732283229323032313232323332343235323632373238323932403241324232433244324532463247324832493250325132523253325432553256325732583259326032613262326332643265326632673268326932703271327232733274327532763277327832793280328132823283328432853286328732883289329032913292329332943295329632973298329933003301330233033304330533063307330833093310331133123313331433153316331733183319332033213322332333243325332633273360336133623363336433653366336733683369337033713372337333743375337633773378337933803381338233833384338533863387338833893390339134243425342634273428342934303431343234333434343534363437343834393440344134423443344434453446344734483449345034513452345334543455345634573458345934603461346234633464346534663467346834693470347134723473347434753476347734783479348034813482348334843485348634873488348934903491349234933494349534963497349834993500350135023503350435053506350735083509351035113512351335143515351635173518351935203521352235233524352535263527352835293530353135323533353435353536353735383539354035413542354335443545354635473548354935503551355235533554355535563557355835593560356135623563356435653566356735683569357035713572357335743575357635773578357935803581358235833616361736183619362036213622362336243625362636273628362936303631363236333634363536363637363836393640364136423643364436453646364736803681368236833684368536863687368836893690369136923693369436953696369736983699370037013702370337043705370637073708370937103711371237133714371537163717371837193720372137223723372437253726372737283729373037313732373337343735373637373738373937403741374237433744374537463747374837493750375137523753375437553756375737583759376037613762376337643765376637673768376937703771377237733774377537763777377837793780378137823783378437853786378737883789379037913792379337943795379637973798379938003801380238033804380538063807380838093810381138123813381438153816381738183819382038213822382338243825382638273828382938303831383238333834383538363837383838393872387338743875387638773878387938803881388238833884388538863887388838893890389138923893389438953896389738983899390039013902390339363937393839393940394139423943394439453946394739483949395039513952395339543955395639573958395939603961396239633964396539663967396839693970397139723973397439753976397739783979398039813982398339843985398639873988398939903991399239933994399539963997399839994000400140024003400440054006400740084009401040114012401340144015401640174018401940204021402240234024402540264027402840294030403140324033403440354036403740384039404040414042404340444045404640474048404940504051405240534054405540564057405840594060406140624063406440654066406740684069407040714072407340744075407640774078407940804081408240834084408540864087408840894090409140924093409440954128412941304131413241334134413541364137413841394140414141424143414441454146414741484149415041514152415341544155415641574158415941924193419441954196419741984199420042014202420342044205420642074208420942104211421242134214421542164217421842194220422142224223422442254226422742284229423042314232423342344235423642374238423942404241424242434244424542464247424842494250425142524253425442554256425742584259426042614262426342644265426642674268426942704271427242734274427542764277427842794280428142824283428442854286428742884289429042914292429342944295429642974298429943004301430243034304430543064307430843094310431143124313431443154316431743184319432043214322432343244325432643274328432943304331433243334334433543364337433843394340434143424343434443454346434743484349435043514384438543864387438843894390439143924393439443954396439743984399440044014402440344044405440644074408440944104411441244134414441544484449445044514452445344544455445644574458445944604461446244634464446544664467446844694470447144724473447444754476447744784479448044814482448344844485448644874488448944904491449244934494449544964497449844994500450145024503450445054506450745084509451045114512451345144515451645174518451945204521452245234524452545264527452845294530453145324533453445354536453745384539454045414542454345444545454645474548454945504551455245534554455545564557455845594560456145624563456445654566456745684569457045714572457345744575457645774578457945804581458245834584458545864587458845894590459145924593459445954596459745984599460046014602460346044605460646074640464146424643464446454646464746484649465046514652465346544655465646574658465946604661466246634664466546664667466846694670467147044705470647074708470947104711471247134714471547164717471847194720472147224723472447254726472747284729473047314732473347344735473647374738473947404741474247434744474547464747474847494750475147524753475447554756475747584759476047614762476347644765476647674768476947704771477247734774477547764777477847794780478147824783478447854786478747884789479047914792479347944795479647974798479948004801480248034804480548064807480848094810481148124813481448154816481748184819482048214822482348244825482648274828482948304831483248334834483548364837483848394840484148424843484448454846484748484849485048514852485348544855485648574858485948604861486248634896489748984899490049014902490349044905490649074908490949104911491249134914491549164917491849194920492149224923492449254926492749604961496249634964496549664967496849694970497149724973497449754976497749784979498049814982498349844985498649874988498949904991499249934994499549964997499849995000500150025003500450055006500750085009501050115012501350145015501650175018501950205021502250235024502550265027502850295030503150325033503450355036503750385039504050415042504350445045504650475048504950505051505250535054505550565057505850595060506150625063506450655066506750685069507050715072507350745075507650775078507950805081508250835084508550865087508850895090509150925093509450955096509750985099510051015102510351045105510651075108510951105111511251135114511551165117511851195152515351545155515651575158515951605161516251635164516551665167516851695170517151725173517451755176517751785179518051815182518352165217521852195220522152225223522452255226522752285229523052315232523352345235523652375238523952405241524252435244524552465247524852495250525152525253525452555256525752585259526052615262526352645265526652675268526952705271527252735274527552765277527852795280528152825283528452855286528752885289529052915292529352945295529652975298529953005301530253035304530553065307530853095310531153125313531453155316531753185319532053215322532353245325532653275328532953305331533253335334533553365337533853395340534153425343534453455346534753485349535053515352535353545355535653575358535953605361536253635364536553665367536853695370537153725373537453755408540954105411541254135414541554165417541854195420542154225423542454255426542754285429543054315432543354345435543654375438543954725473547454755476547754785479548054815482548354845485548654875488548954905491549254935494549554965497549854995500550155025503550455055506550755085509551055115512551355145515551655175518551955205521552255235524552555265527552855295530553155325533553455355536553755385539554055415542554355445545554655475548554955505551555255535554555555565557555855595560556155625563556455655566556755685569557055715572557355745575557655775578557955805581558255835584558555865587558855895590559155925593559455955596559755985599560056015602560356045605560656075608560956105611561256135614561556165617561856195620562156225623562456255626562756285629563056315664566556665667566856695670567156725673567456755676567756785679568056815682568356845685568656875688568956905691569256935694569557285729573057315732573357345735573657375738573957405741574257435744574557465747574857495750575157525753575457555756575757585759576057615762  ^C ^C5763576457655766576757685769577057715772577357745775577657775778577957805781578257835784578557865787578857895790579157925793579457955796579757985799580058015802580358045805580658075808580958105811581258135814581558165817581858195820582158225823582458255826582758285829583058315832583358345835583658375838583958405841584258435844584558465847584858495850585158525853585458555856585758585859586058615862586358645865586658675868586958705871587258735874587558765877587858795880588158825883588458855886588759205921592259235924592559265927592859295930593159325933593459355936593759385939594059415942594359445945594659475948594959505951598459855986598759885989599059915992599359945995599659975998599960006001600260036004600560066007600860096010601160126013601460156016601760186019602060216022602360246025602660276028602960306031603260336034603560366037603860396040604160426043604460456046604760486049605060516052605360546055605660576058605960606061606260636064606560666067606860696070607160726073607460756076607760786079608060816082
sjq@sjqs-MacBook-Air 393$ g++ 393.cpp ; ./a.out
32
sjq@sjqs-MacBook-Air 393$ g++ 393.cpp ; ./a.out
12 5
5 3
5 6
0 5
7 5
5 8
5 7
32
sjq@sjqs-MacBook-Air 393$ g++ 393.cpp ; ./a.out
12 5!
5 3!
5 6!
0 5!
7 5!
5 8!
5 7!
32
sjq@sjqs-MacBook-Air 393$ g++ 393.cpp ; ./a.out | sort
0 5!
12 5!
32
5 3!
5 6!
5 7!
5 8!
7 5!
sjq@sjqs-MacBook-Air 393$ g++ 393.cpp ; ./a.out | sort
393.cpp: In function 'bool check(int)':
393.cpp:59: error: incompatible types in assignment of 'int' to 'int [2]'
393.cpp: In function 'bool check2(int, int, int)':
393.cpp:87: error: ISO C++ forbids comparison between pointer and integer
393.cpp:89: error: incompatible types in assignment of 'int' to 'int [2]'
0 5!
12 5!
32
5 3!
5 6!
5 7!
5 8!
7 5!
sjq@sjqs-MacBook-Air 393$ g++ 393.cpp ; ./a.out | sort
393.cpp: In function 'bool check2(int, int, int)':
393.cpp:78: error: 'k' was not declared in this scope
0 5!
12 5!
32
5 3!
5 6!
5 7!
5 8!
7 5!
sjq@sjqs-MacBook-Air 393$ g++ 393.cpp ; ./a.out | sort
5
acdk
beil
fm
gj
h
sjq@sjqs-MacBook-Air 393$ g++ 393.cpp ; ./a.out 
5
acdk
beil
fm
gj
h
sjq@sjqs-MacBook-Air 393$ g++ 393.cpp ; ./a.out 
5
acdk
beil
fm
gj
h
sjq@sjqs-MacBook-Air 393$ g++ gen.cpp ; ./a.out >in
sjq@sjqs-MacBook-Air 393$ g++ 393.cpp ; ./a.out 
11
ac
be
d
f
g
h
i
j
k
l
m
sjq@sjqs-MacBook-Air 393$ time ./a.out
11
ac
be
d
f
g
h
i
j
k
l
m

real	0m0.020s
user	0m0.018s
sys	0m0.001s
sjq@sjqs-MacBook-Air 393$ time ./a.out
11
ac
be
d
f
g
h
i
j
k
l
m

real	0m0.022s
user	0m0.020s
sys	0m0.001s
sjq@sjqs-MacBook-Air 393$ g++ 393.cpp ; ./a.out 
11
ac
be
d
f
g
h
i
j
k
l
m
sjq@sjqs-MacBook-Air 393$ time ./a.out
11
ac
be
d
f
g
h
i
j
k
l
m

real	0m0.023s
user	0m0.020s
sys	0m0.002s
sjq@sjqs-MacBook-Air 393$ time ./a.out
11
ac
be
d
f
g
h
i
j
k
l
m

real	0m0.024s
user	0m0.021s
sys	0m0.002s
sjq@sjqs-MacBook-Air 393$ g++ 393.cpp ; ./a.out 
0
sjq@sjqs-MacBook-Air 393$ time ./a.out
0

real	0m0.024s
user	0m0.021s
sys	0m0.002s
sjq@sjqs-MacBook-Air 393$ time ./a.out
0

real	0m0.021s
user	0m0.018s
sys	0m0.002s
sjq@sjqs-MacBook-Air 393$ g++ 393.cpp ; ./a.out 
11
ac
be
d
f
g
h
i
j
k
l
m
sjq@sjqs-MacBook-Air 393$ g++ 393.cpp ; ./a.out 
11
ac
be
d
f
g
h
i
j
k
l
m
sjq@sjqs-MacBook-Air 393$ g++ 393.cpp ; ./a.out 
11
ac
be
d
f
g
h
i
j
k
l
m
sjq@sjqs-MacBook-Air 393$ g++ 393.cpp ; ./a.out 
11
ac
be
d
f
g
h
i
j
k
l
m
sjq@sjqs-MacBook-Air 393$ g++ 393.cpp ; ./a.out 
11
a
be
cg
d
f
h
i
j
k
l
m
sjq@sjqs-MacBook-Air 393$ g++ 393.cpp ; ./a.out 
11
ac
b
d
em
f
g
h
i
j
k
l
sjq@sjqs-MacBook-Air 393$ time ./a.out
11
ac
b
d
em
f
g
h
i
j
k
l

real	0m0.021s
user	0m0.018s
sys	0m0.001s
sjq@sjqs-MacBook-Air 393$ 